================================================================================
EMILY COMPREHENSIVE TEST REPORT (Go Version)
================================================================================
Test run completed at: 2025-07-06 22:52:06
Total test duration: 0.09 seconds

PERFORMANCE: 4/4 tests passed
  - scan_speed: PASS
  - memory_efficiency: PASS
  - database_integrity: PASS
  - error_handling: PASS

PHASE1: 4/4 tests passed
  - config_init: PASS
  - database_status: PASS
  - cli_help: PASS
  - basic_scan: PASS

PHASE2: 5/5 tests passed
  - wifi_scan: PASS
  - bluetooth_scan: PASS
  - cellular_scan: PASS
  - nfc_scan: PASS
  - full_scan: PASS

================================================================================
OVERALL RESULTS: 13/13 tests passed
Success rate: 100.0%
🎉 EXCELLENT! System is ready for deployment
================================================================================